lv_style.c:66:6:lv_style_init	0	static
lv_style.c:79:6:lv_style_copy	24	static
lv_style.c:100:6:lv_style_remove_prop	48	static
lv_style.c:137:6:lv_style_list_init	0	static
lv_style.c:196:6:_lv_style_list_add_style	24	static
lv_style.c:150:6:lv_style_list_copy	32	static
lv_style.c:234:6:_lv_style_list_remove_style	24	static
lv_style.c:285:6:_lv_style_list_reset	16	static
lv_style.c:322:6:lv_style_reset	8	static
lv_style.c:335:10:_lv_style_get_mem_size	8	static
lv_style.c:360:6:_lv_style_set_int	64	static
lv_style.c:406:6:_lv_style_set_color	64	static
lv_style.c:453:6:_lv_style_set_opa	64	static
lv_style.c:500:6:_lv_style_set_ptr	64	static
lv_style.c:547:9:_lv_style_get_int	48	static
lv_style.c:584:9:_lv_style_get_opa	48	static
lv_style.c:621:9:_lv_style_get_color	48	static
lv_style.c:655:9:_lv_style_get_ptr	48	static
lv_style.c:682:14:lv_style_list_get_local_style	0	static
lv_style.c:696:14:_lv_style_list_get_transition_style	0	static
lv_style.c:709:14:_lv_style_list_add_trans_style	16	static
lv_style.c:744:6:_lv_style_list_set_local_int	56	static
lv_style.c:760:6:_lv_style_list_set_local_opa	24	static
lv_style.c:776:6:_lv_style_list_set_local_color	64	static
lv_style.c:792:6:_lv_style_list_set_local_ptr	56	static
lv_style.c:813:10:_lv_style_list_get_int	80	static
lv_style.c:866:10:_lv_style_list_get_color	80	static
lv_style.c:917:10:_lv_style_list_get_opa	72	static
lv_style.c:967:10:_lv_style_list_get_ptr	72	static
lv_style.c:1011:6:lv_debug_check_style	0	static
lv_style.c:1030:6:lv_debug_check_style_list	0	static
